---
source: buildpacks/dotnet/src/errors.rs
---
[0;31m! Unable to publish[0m
[0;31m![0m
[0;31m! The `dotnet publish` command failed (signal: 5 (SIGTRAP)).[0m
[0;31m![0m
[0;31m! The most common cause is a compilation error. Review the command output above[0m
[0;31m! to find and fix the issue.[0m
[0;31m![0m
[0;31m! The failure may also be temporary due to a network or service outage. Retrying[0m
[0;31m! your build often resolves this.[0m
[0;31m![0m
[0;31m! If the log suggests a NuGet issue, check the service status before retrying:[0m
[0;31m! https://status.nuget.org[0m
